
> react-typescript-starter@0.1.0 test
> react-scripts test --coverage

Browserslist: caniuse-lite is outdated. Please run:
  npx browserslist@latest --update-db
  Why you should do it regularly: https://github.com/browserslist/browserslist#browsers-data-updating
PASS src/arrays.test.ts
  ● Console

    console.log
      [ 'Hello', 'you', 'are', 'great!' ]

      at shoutIfExclaiming (src/arrays.ts:72:13)

    console.log
      [ 'oho!', 'Oho!', 'oHo!', 'oHO!', 'OHO!' ]

      at shoutIfExclaiming (src/arrays.ts:72:13)

    console.log
      [ 'Lo', 'High!' ]

      at shoutIfExclaiming (src/arrays.ts:72:13)

    console.log
      []

      at shoutIfExclaiming (src/arrays.ts:72:13)

    console.log
      [ 'This one is very long!' ]

      at shoutIfExclaiming (src/arrays.ts:72:13)

    console.log
      [ 'No', 'Caps', 'here.' ]

      at shoutIfExclaiming (src/arrays.ts:72:13)

PASS src/HtmlCss.test.tsx
PASS src/functions.test.ts
PASS src/text.test.tsx
PASS src/App.test.tsx
--------------|---------|----------|---------|---------|-------------------
File          | % Stmts | % Branch | % Funcs | % Lines | Uncovered Line #s 
--------------|---------|----------|---------|---------|-------------------
All files     |     100 |      100 |     100 |     100 |                   
 App.tsx      |     100 |      100 |     100 |     100 |                   
 arrays.ts    |     100 |      100 |     100 |     100 |                   
 functions.ts |     100 |      100 |     100 |     100 |                   
--------------|---------|----------|---------|---------|-------------------

Test Suites: 5 passed, 5 total
Tests:       23 passed, 23 total
Snapshots:   0 total
Time:        3.753 s
Ran all test suites.
